
> airbnb@0.1.0 build
> next build

   Ôû▓ Next.js 14.1.0
   - Environments: .env.local, .env

   Creating an optimized production build ...
npm : <w> [webpack.cache.PackFileCacheStrategy] Serializing big strings 
(143kiB) impacts deserialization performance (consider using Buffer instead 
and decode when needed)
En línea: 1 Carácter: 1
+ npm run build 2>&1 | Out-File -FilePath build-output.txt -Encoding ut ...
+ ~~~~~~~~~~~~~~~~~~
    + CategoryInfo          : NotSpecified: (<w> [webpack.ca...de when needed) 
   :String) [], RemoteException
    + FullyQualifiedErrorId : NativeCommandError
 
